// Jest Snapshot v1, https://goo.gl/fbAQLP

exports[`renders ./components/flex/demo/basic.md correctly 1`] = `
<div
  class="flex-container"
>
  <div
    class="sub-title"
  >
    Basic
  </div>
  <div
    class="am-flexbox am-flexbox-align-center"
  >
    <div
      class="am-flexbox-item"
    >
      <div
        class=" placeholder"
      >
        Block
      </div>
    </div>
    <div
      class="am-flexbox-item"
    >
      <div
        class=" placeholder"
      >
        Block
      </div>
    </div>
  </div>
  <div
    class="am-whitespace am-whitespace-lg"
  />
  <div
    class="am-flexbox am-flexbox-align-center"
  >
    <div
      class="am-flexbox-item"
    >
      <div
        class=" placeholder"
      >
        Block
      </div>
    </div>
    <div
      class="am-flexbox-item"
    >
      <div
        class=" placeholder"
      >
        Block
      </div>
    </div>
    <div
      class="am-flexbox-item"
    >
      <div
        class=" placeholder"
      >
        Block
      </div>
    </div>
  </div>
  <div
    class="am-whitespace am-whitespace-lg"
  />
  <div
    class="am-flexbox am-flexbox-align-center"
  >
    <div
      class="am-flexbox-item"
    >
      <div
        class=" placeholder"
      >
        Block
      </div>
    </div>
    <div
      class="am-flexbox-item"
    >
      <div
        class=" placeholder"
      >
        Block
      </div>
    </div>
    <div
      class="am-flexbox-item"
    >
      <div
        class=" placeholder"
      >
        Block
      </div>
    </div>
    <div
      class="am-flexbox-item"
    >
      <div
        class=" placeholder"
      >
        Block
      </div>
    </div>
  </div>
  <div
    class="am-whitespace am-whitespace-lg"
  />
  <div
    class="sub-title"
  >
    Wrap
  </div>
  <div
    class="am-flexbox am-flexbox-wrap am-flexbox-align-center"
  >
    <div
      class="inline placeholder"
    >
      Block
    </div>
    <div
      class="inline placeholder"
    >
      Block
    </div>
    <div
      class="inline placeholder"
    >
      Block
    </div>
    <div
      class="inline placeholder"
    >
      Block
    </div>
    <div
      class="inline placeholder"
    >
      Block
    </div>
    <div
      class="inline placeholder"
    >
      Block
    </div>
    <div
      class="inline placeholder"
    >
      Block
    </div>
  </div>
  <div
    class="am-whitespace am-whitespace-lg"
  />
  <div
    class="sub-title"
  >
    Align
  </div>
  <div
    class="am-flexbox am-flexbox-justify-center am-flexbox-align-center"
  >
    <div
      class="inline placeholder"
    >
      Block
    </div>
    <div
      class="inline placeholder"
    >
      Block
    </div>
    <div
      class="inline placeholder"
    >
      Block
    </div>
  </div>
  <div
    class="am-whitespace am-whitespace-md"
  />
  <div
    class="am-flexbox am-flexbox-justify-end am-flexbox-align-center"
  >
    <div
      class="inline placeholder"
    >
      Block
    </div>
    <div
      class="inline placeholder"
    >
      Block
    </div>
    <div
      class="inline placeholder"
    >
      Block
    </div>
  </div>
  <div
    class="am-whitespace am-whitespace-md"
  />
  <div
    class="am-flexbox am-flexbox-justify-between am-flexbox-align-center"
  >
    <div
      class="inline placeholder"
    >
      Block
    </div>
    <div
      class="inline placeholder"
    >
      Block
    </div>
    <div
      class="inline placeholder"
    >
      Block
    </div>
  </div>
  <div
    class="am-whitespace am-whitespace-md"
  />
  <div
    class="am-flexbox am-flexbox-align-start"
  >
    <div
      class="inline placeholder"
    >
      Block
    </div>
    <div
      class="inline small placeholder"
    >
      Block
    </div>
    <div
      class="inline placeholder"
    >
      Block
    </div>
  </div>
  <div
    class="am-whitespace am-whitespace-md"
  />
  <div
    class="am-flexbox am-flexbox-align-end"
  >
    <div
      class="inline placeholder"
    >
      Block
    </div>
    <div
      class="inline small placeholder"
    >
      Block
    </div>
    <div
      class="inline placeholder"
    >
      Block
    </div>
  </div>
  <div
    class="am-whitespace am-whitespace-md"
  />
  <div
    class="am-flexbox am-flexbox-align-baseline"
  >
    <div
      class="inline placeholder"
    >
      Block
    </div>
    <div
      class="inline small placeholder"
    >
      Block
    </div>
    <div
      class="inline placeholder"
    >
      Block
    </div>
  </div>
</div>
`;
